[home@375] reshot
[home@768] reshot
[home@1440] reshot
[history-of-lambda-xi@375] reshot
[history-of-lambda-xi@768] reshot
[history-of-lambda-xi@1440] reshot
[executive-officers@375] reshot
[executive-officers@768] reshot
[executive-officers@1440] reshot
[past-basilei@375] reshot
[past-basilei@768] reshot
[past-basilei@1440] reshot
[lineage@375] reshot
[lineage@768] reshot
[lineage@1440] reshot
[mandated-programs@375] reshot
[mandated-programs@768] reshot
[mandated-programs@1440] reshot
[scholarships@375] reshot
[scholarships@768] reshot
[scholarships@1440] reshot
[achievement-week@375] reshot
[achievement-week@768] reshot
[achievement-week@1440] reshot
[essay-contest-registration@375] reshot
[essay-contest-registration@768] reshot
[essay-contest-registration@1440] reshot
[youth-leadership-conference@375] reshot
[youth-leadership-conference@768] reshot
[youth-leadership-conference@1440] reshot
[ylc-registration@375] reshot
[ylc-registration@768] reshot
[ylc-registration@1440] reshot
[all-star-game@375] reshot
[all-star-game@768] reshot
[all-star-game@1440] reshot
[50th-anniversary-gala@375] reshot
[50th-anniversary-gala@768] reshot
[50th-anniversary-gala@1440] reshot
[gallery-2025@375] reshot
[gallery-2025@768] reshot
[gallery-2025@1440] reshot
[gallery-2024@375] reshot
[gallery-2024@768] reshot
[gallery-2024@1440] reshot
[gallery-2023@375] reshot
[gallery-2023@768] reshot
[gallery-2023@1440] reshot
[gallery-2022@375] reshot
[gallery-2022@768] reshot
[gallery-2022@1440] reshot
[gallery-2021@375] reshot
[gallery-2021@768] reshot
[gallery-2021@1440] reshot
[gallery-2017-2020@375] reshot
[gallery-2017-2020@768] reshot
[gallery-2017-2020@1440] reshot
[news@375] reshot
[news@768] reshot
[news@1440] reshot
[contact-us@375] reshot
[contact-us@768] reshot
[contact-us@1440] reshot
done
